C51 COMPILER V9.55   ONEWIRE                                                               10/04/2020 20:57:56 PAGE 1   


C51 COMPILER V9.55, COMPILATION OF MODULE ONEWIRE
OBJECT MODULE PLACED IN .\Objects\onewire.obj
COMPILER INVOKED BY: F:\Keil_v5\C51\BIN\C51.EXE onewire.c OPTIMIZE(8,SPEED) BROWSE DEBUG OBJECTEXTEND PRINT(.\Listings\o
                    -newire.lst) OBJECT(.\Objects\onewire.obj)

line level    source

   1          /*
   2            程序说明: 单总线驱动程序
   3            软件环境: Keil uVision 4.10 
   4            硬件环境: CT107单片机综合实训平台(外部晶振12MHz) STC89C52RC单片机
   5            日    期: 2011-8-9
   6          */
   7          #include "stc15f2k60s2.h"
   8          
   9          sbit DQ = P1^4;  //单总线接口
  10          void Write_DS18B20(unsigned char dat);
  11          unsigned char Read_DS18B20(void);
  12          bit init_ds18b20(void);
  13          void Delay_OneWire(unsigned int t);
  14          float temp_read();
  15          
  16          float temp_read()
  17          {
  18   1              unsigned char high,low;
  19   1              unsigned int temp;
  20   1              init_ds18b20();
  21   1              Write_DS18B20(0xcc);
  22   1              Write_DS18B20(0x44);
  23   1              init_ds18b20();
  24   1              Write_DS18B20(0xcc);
  25   1              Write_DS18B20(0xbe);
  26   1              low = Read_DS18B20();
  27   1              high = Read_DS18B20();
  28   1              temp = high << 8;
  29   1              temp |= low;
  30   1              return temp * 0.0625;
  31   1      }
  32          
  33          //通过单总线向DS18B20写一个字节
  34          void Write_DS18B20(unsigned char dat)
  35          {
  36   1              unsigned char i;
  37   1              for(i=0;i<8;i++)
  38   1              {
  39   2                      DQ = 0;
  40   2                      DQ = dat&0x01;
  41   2                      Delay_OneWire(5);
  42   2                      DQ = 1;
  43   2                      dat >>= 1;
  44   2              }
  45   1              Delay_OneWire(5);
  46   1      }
  47          
  48          //从DS18B20读取一个字节
  49          unsigned char Read_DS18B20(void)
  50          {
  51   1              unsigned char i;
  52   1              unsigned char dat;
  53   1        
  54   1              for(i=0;i<8;i++)
C51 COMPILER V9.55   ONEWIRE                                                               10/04/2020 20:57:56 PAGE 2   

  55   1              {
  56   2                      DQ = 0;
  57   2                      dat >>= 1;
  58   2                      DQ = 1;
  59   2                      if(DQ)
  60   2                      {
  61   3                              dat |= 0x80;
  62   3                      }           
  63   2                      Delay_OneWire(5);
  64   2              }
  65   1              return dat;
  66   1      }
  67          //DS18B20设备初始化
  68          bit init_ds18b20(void)
  69          {
  70   1              bit initflag = 0;
  71   1              
  72   1              DQ = 1;
  73   1              Delay_OneWire(12);
  74   1              DQ = 0;
  75   1              Delay_OneWire(80);
  76   1              DQ = 1;
  77   1              Delay_OneWire(10); 
  78   1          initflag = DQ;     
  79   1              Delay_OneWire(5);
  80   1        
  81   1              return initflag;
  82   1      }
  83          //单总线延时函数
  84          void Delay_OneWire(unsigned int t)  //STC89C52RC
  85          {
  86   1              t *= 10;
  87   1              while(t--);
  88   1      }


MODULE INFORMATION:   STATIC OVERLAYABLE
   CODE SIZE        =    192    ----
   CONSTANT SIZE    =   ----    ----
   XDATA SIZE       =   ----    ----
   PDATA SIZE       =   ----    ----
   DATA SIZE        =   ----       5
   IDATA SIZE       =   ----    ----
   BIT SIZE         =   ----       1
END OF MODULE INFORMATION.


C51 COMPILATION COMPLETE.  0 WARNING(S),  0 ERROR(S)
